// Jest Snapshot v1, https://goo.gl/fbAQLP

exports[`renders correctly 1`] = `
<div
  className="ErrorBoundary-root-1"
>
  <span
    className="ErrorBoundary-spacing-2"
  >
    Firefox Klar (8.0)
  </span>
  <span
    className="ErrorBoundary-spacing-2"
  >
    undefined (8.0)
  </span>
  <span
    className="ErrorBoundary-spacing-2"
  >
    Chrome Beta (70.0.3538.17)
  </span>
</div>
`;
