// Jest Snapshot v1, https://goo.gl/fbAQLP

exports[`renders correctly 1`] = `
<div
  className="DashboardPage-root-4 Home-root-1"
>
  <div
    className="DashboardPage-title-5"
  >
    <h1
      style={
        Object {
          "display": "inline",
        }
      }
    >
      Firefox health
      <small
        className="DashboardPage-subtitle-6"
      >
        Tracking metrics for Firefox products
      </small>
    </h1>
    <span
      style={
        Object {
          "float": "right",
        }
      }
    >
      <a
        href="https://github.com/mozilla-frontend-infra/firefox-health-dashboard/"
      >
        <img
          alt="Go to Github Repo"
          src="test-file-stub"
          style={
            Object {
              "padding": "0 0.5rem 0 0",
              "width": "2rem",
            }
          }
        />
      </a>
    </span>
  </div>
  <div
    className="Home-links-2"
  >
    <a
      href="/android"
      onClick={[Function]}
    >
      Android
    </a>
    <a
      href="/quantum/32"
      onClick={[Function]}
    >
      Quantum 32bit
    </a>
    <a
      href="/quantum/64"
      onClick={[Function]}
    >
      Quantum 64bit
    </a>
    <a
      href="/js-team"
      onClick={[Function]}
    >
      JS team
    </a>
  </div>
  <div
    className="Home-netlify-3"
  >
    <a
      href="https://www.netlify.com"
    >
      <img
        alt="Netlify"
        src="https://www.netlify.com/img/global/badges/netlify-dark.svg"
      />
    </a>
  </div>
</div>
`;
